Female Warrior Names

names[0] = Female Braxllyn Blackhunter the Virtuous of Dagger Coast
